"portal2\console.log"
"portal2\demoheader.tmp"
"portal2\downloadlists\puzzle_chickens.lst"
"portal2\gameinfo.txt"
"portal2\maps\graphs\puzzle_chickens.ain"
"portal2\maps\puzzle_chickens.bsp"
"portal2\maps\soundcache\puzzle_chickens.cache"
"portal2\materials\concrete\concretefloor003.vmt"
"portal2\materials\concrete\concretefloor003.vtf"
"portal2\materials\console\background01.vmt"
"portal2\materials\console\background01.vtf"
"portal2\materials\detail\detailsprites.vmt"
"portal2\materials\detail\detailsprites.vtf"
"portal2\materials\glass\glasswindow_refract02.vmt"
"portal2\materials\hud\camera_viewfinder_halfcircle.vmt"
"portal2\materials\hud\camera_viewfinder_halfcircle.vtf"
"portal2\materials\hud\camera_viewfinder_ul.vmt"
"portal2\materials\hud\camera_viewfinder_ul.vtf"
"portal2\materials\hud\hud_icon_camera.vmt"
"portal2\materials\hud\hud_icon_camera.vtf"
"portal2\materials\hud\hud_icon_neutral.vmt"
"portal2\materials\hud\hud_icon_neutral.vtf"
"portal2\materials\hud\hud_icon_picture.vmt"
"portal2\materials\hud\hud_icon_picture.vtf"
"portal2\materials\hud\hud_loc_arrow.vmt"
"portal2\materials\hud\hud_loc_arrow.vtf"
"portal2\materials\hud\hud_loc_chicken.vmt"
"portal2\materials\hud\hud_loc_chicken.vtf"
"portal2\materials\hud\inv_full.vmt"
"portal2\materials\hud\inv_full.vtf"
"portal2\materials\hud\inv_photo1.vmt"
"portal2\materials\hud\inv_photo2.vmt"
"portal2\materials\hud\inv_photo3.vmt"
"portal2\materials\hud\inv_photo_numbers1.vmt"
"portal2\materials\hud\inv_photo_numbers1.vtf"
"portal2\materials\hud\inv_photo_numbers2.vmt"
"portal2\materials\hud\inv_photo_numbers2.vtf"
"portal2\materials\hud\inv_photo_numbers3.vmt"
"portal2\materials\hud\inv_photo_numbers3.vtf"
"portal2\materials\hud\invalid.vmt"
"portal2\materials\hud\invalid.vtf"
"portal2\materials\hud\light_glow03.vmt"
"portal2\materials\lights\light_portalable_03c.vmt"
"portal2\materials\lights\light_portalable_03c.vtf"
"portal2\materials\lights\light_portalable_03c_ssbump.vtf"
"portal2\materials\metal\metalfloor_offlimits_01a.vmt"
"portal2\materials\metal\metalfloor_offlimits_01a.vtf"
"portal2\materials\metal\metalfloor_offlimits_01a_ssbump.vtf"
"portal2\materials\models\bot_male\bot_male.vmt"
"portal2\materials\models\bot_male\bot_male.vtf"
"portal2\materials\models\bot_male\bot_male_exponent.vtf"
"portal2\materials\models\bot_male\button_normal.vtf"
"portal2\materials\models\camera\camera.vmt"
"portal2\materials\models\camera\camera.vtf"
"portal2\materials\models\chicken\chicken001.vmt"
"portal2\materials\models\chicken\chicken001.vtf"
"portal2\materials\models\items\photo_backside01.vmt"
"portal2\materials\models\items\photo_backside01.vtf"
"portal2\materials\models\items\photo_capture01.vmt"
"portal2\materials\models\photo_backside01.vmt"
"portal2\materials\models\photo_backside01.vtf"
"portal2\materials\models\photo_capture01.vmt"
"portal2\materials\models\photo_capture_border01.vtf"
"portal2\materials\models\photograph\photo_capture_border01.vtf"
"portal2\materials\models\portals\noise-blur-256x256.vtf"
"portal2\materials\models\portals\portal-blue-color.vtf"
"portal2\materials\models\portals\portal-orange-color.vtf"
"portal2\materials\models\portals\portal_1_anims.vmt"
"portal2\materials\models\portals\portal_1_dynamicmesh.vmt"
"portal2\materials\models\portals\portal_1_renderfix_dynamicmesh.vmt"
"portal2\materials\models\portals\portal_2_anims.vmt"
"portal2\materials\models\portals\portal_2_dynamicmesh.vmt"
"portal2\materials\models\portals\portal_2_renderfix_dynamicmesh.vmt"
"portal2\materials\models\portals\portal_depthdoubler.vmt"
"portal2\materials\models\portals\portal_mask.vtf"
"portal2\materials\models\portals\portal_refract_1.vmt"
"portal2\materials\models\portals\portal_refract_2.vmt"
"portal2\materials\models\portals\portal_stencil_hole.vmt"
"portal2\materials\models\portals\portalstaticoverlay_1.vmt"
"portal2\materials\models\portals\portalstaticoverlay_2.vmt"
"portal2\materials\models\props\button.vtf"
"portal2\materials\models\props\door_01.vtf"
"portal2\materials\models\props_farm\chicken_nest.vmt"
"portal2\materials\models\props_farm\chicken_nest.vtf"
"portal2\materials\models\props_farm\mousetrap001.vmt"
"portal2\materials\models\props_farm\mousetrap001.vtf"
"portal2\materials\models\props_gameplay\aperture_cleanser.vmt"
"portal2\materials\models\props_gameplay\aperture_cleanser.vtf"
"portal2\materials\models\props_gameplay\bot_spawn.vmt"
"portal2\materials\models\props_gameplay\bot_spawn.vtf"
"portal2\materials\models\props_gameplay\bot_spawn_glass.vmt"
"portal2\materials\models\props_gameplay\bot_spawn_glass.vtf"
"portal2\materials\models\props_gameplay\haybale.vmt"
"portal2\materials\models\props_gameplay\haybale.vtf"
"portal2\materials\models\props_lab\barrel_machine.vmt"
"portal2\materials\models\props_lab\barrel_machine.vtf"
"portal2\materials\models\weapons\camera.vmt"
"portal2\materials\models\weapons\camera.vtf"
"portal2\materials\models\weapons\v_hands.vmt"
"portal2\materials\models\weapons\v_hands.vtf"
"portal2\materials\particles\feather01.vmt"
"portal2\materials\particles\feather01.vtf"
"portal2\materials\photos\photo_background.vmt"
"portal2\materials\photos\photo_background.vtf"
"portal2\materials\photos\photo_foreground.vmt"
"portal2\materials\photos\photo_foreground.vtf"
"portal2\materials\plaster\plaster_wall003b.vmt"
"portal2\materials\plaster\plaster_wall003b.vtf"
"portal2\materials\plaster\plaster_wall004a.vmt"
"portal2\materials\plaster\plaster_wall004a.vtf"
"portal2\materials\plaster\plasterceiling001.vmt"
"portal2\materials\plaster\plasterceiling001.vtf"
"portal2\materials\plastic\plasticwall002.vmt"
"portal2\materials\plastic\plasticwall002.vtf"
"portal2\materials\props\hay_01.vmt"
"portal2\materials\props\hay_01.vtf"
"portal2\materials\props\metaldoor01_192.vmt"
"portal2\materials\props\metaldoor01_192.vtf"
"portal2\materials\props\plasticwall001a.vmt"
"portal2\materials\props\plasticwall001a.vtf"
"portal2\materials\props\plasticwall001a_normal.vtf"
"portal2\materials\props\plasticwall002a.vmt"
"portal2\materials\props\plasticwall002a.vtf"
"portal2\materials\props\plasticwall002a_normal.vtf"
"portal2\materials\signage\chicken_sign.vmt"
"portal2\materials\signage\chicken_sign.vtf"
"portal2\materials\signage\indicator_lights_corner_floor_nondecal.vmt"
"portal2\materials\signage\indicator_lights_floor_nondecal.vmt"
"portal2\materials\tile\aperture_wall001b.vmt"
"portal2\materials\tile\aperture_wall001b.vtf"
"portal2\materials\tile\tile_floor001b.vmt"
"portal2\materials\tile\tile_floor001b.vtf"
"portal2\materials\tile\tile_floor001d.vmt"
"portal2\materials\tile\tile_floor001d.vtf"
"portal2\models\bot_male\bot_male.ani"
"portal2\models\bot_male\bot_male.dx80.vtx"
"portal2\models\bot_male\bot_male.dx90.vtx"
"portal2\models\bot_male\bot_male.jpg"
"portal2\models\bot_male\bot_male.mdl"
"portal2\models\bot_male\bot_male.phy"
"portal2\models\bot_male\bot_male.sw.vtx"
"portal2\models\bot_male\bot_male.vvd"
"portal2\models\bot_male\bot_male_animations.ani"
"portal2\models\bot_male\bot_male_animations.dx80.vtx"
"portal2\models\bot_male\bot_male_animations.dx90.vtx"
"portal2\models\bot_male\bot_male_animations.jpg"
"portal2\models\bot_male\bot_male_animations.mdl"
"portal2\models\bot_male\bot_male_animations.phy"
"portal2\models\bot_male\bot_male_animations.sw.vtx"
"portal2\models\bot_male\bot_male_animations.vvd"
"portal2\models\chicken\chicken.ani"
"portal2\models\chicken\chicken.dx80.vtx"
"portal2\models\chicken\chicken.dx90.vtx"
"portal2\models\chicken\chicken.jpg"
"portal2\models\chicken\chicken.mdl"
"portal2\models\chicken\chicken.phy"
"portal2\models\chicken\chicken.sw.vtx"
"portal2\models\chicken\chicken.vvd"
"portal2\models\items\photograph.ani"
"portal2\models\items\photograph.dx80.vtx"
"portal2\models\items\photograph.dx90.vtx"
"portal2\models\items\photograph.jpg"
"portal2\models\items\photograph.mdl"
"portal2\models\items\photograph.phy"
"portal2\models\items\photograph.sw.vtx"
"portal2\models\items\photograph.vvd"
"portal2\models\props_farm\chicken_nest.ani"
"portal2\models\props_farm\chicken_nest.dx80.vtx"
"portal2\models\props_farm\chicken_nest.dx90.vtx"
"portal2\models\props_farm\chicken_nest.jpg"
"portal2\models\props_farm\chicken_nest.mdl"
"portal2\models\props_farm\chicken_nest.phy"
"portal2\models\props_farm\chicken_nest.sw.vtx"
"portal2\models\props_farm\chicken_nest.vvd"
"portal2\models\props_farm\mousetrap.ani"
"portal2\models\props_farm\mousetrap.dx80.vtx"
"portal2\models\props_farm\mousetrap.dx90.vtx"
"portal2\models\props_farm\mousetrap.jpg"
"portal2\models\props_farm\mousetrap.mdl"
"portal2\models\props_farm\mousetrap.phy"
"portal2\models\props_farm\mousetrap.sw.vtx"
"portal2\models\props_farm\mousetrap.vvd"
"portal2\models\props_gameplay\aperture_cleanser.ani"
"portal2\models\props_gameplay\aperture_cleanser.dx80.vtx"
"portal2\models\props_gameplay\aperture_cleanser.dx90.vtx"
"portal2\models\props_gameplay\aperture_cleanser.jpg"
"portal2\models\props_gameplay\aperture_cleanser.mdl"
"portal2\models\props_gameplay\aperture_cleanser.phy"
"portal2\models\props_gameplay\aperture_cleanser.sw.vtx"
"portal2\models\props_gameplay\aperture_cleanser.vvd"
"portal2\models\props_gameplay\bot_spawn.ani"
"portal2\models\props_gameplay\bot_spawn.dx80.vtx"
"portal2\models\props_gameplay\bot_spawn.dx90.vtx"
"portal2\models\props_gameplay\bot_spawn.jpg"
"portal2\models\props_gameplay\bot_spawn.mdl"
"portal2\models\props_gameplay\bot_spawn.phy"
"portal2\models\props_gameplay\bot_spawn.sw.vtx"
"portal2\models\props_gameplay\bot_spawn.vvd"
"portal2\models\props_gameplay\haybale.ani"
"portal2\models\props_gameplay\haybale.dx80.vtx"
"portal2\models\props_gameplay\haybale.dx90.vtx"
"portal2\models\props_gameplay\haybale.jpg"
"portal2\models\props_gameplay\haybale.mdl"
"portal2\models\props_gameplay\haybale.phy"
"portal2\models\props_gameplay\haybale.sw.vtx"
"portal2\models\props_gameplay\haybale.vvd"
"portal2\models\props_lab\barrel_machine.ani"
"portal2\models\props_lab\barrel_machine.dx80.vtx"
"portal2\models\props_lab\barrel_machine.dx90.vtx"
"portal2\models\props_lab\barrel_machine.jpg"
"portal2\models\props_lab\barrel_machine.mdl"
"portal2\models\props_lab\barrel_machine.phy"
"portal2\models\props_lab\barrel_machine.sw.vtx"
"portal2\models\props_lab\barrel_machine.vvd"
"portal2\models\weapons\v_cam.ani"
"portal2\models\weapons\v_cam.dx80.vtx"
"portal2\models\weapons\v_cam.dx90.vtx"
"portal2\models\weapons\v_cam.jpg"
"portal2\models\weapons\v_cam.mdl"
"portal2\models\weapons\v_cam.phy"
"portal2\models\weapons\v_cam.sw.vtx"
"portal2\models\weapons\v_cam.vvd"
"portal2\models\weapons\v_hands.ani"
"portal2\models\weapons\v_hands.dx80.vtx"
"portal2\models\weapons\v_hands.dx90.vtx"
"portal2\models\weapons\v_hands.jpg"
"portal2\models\weapons\v_hands.mdl"
"portal2\models\weapons\v_hands.phy"
"portal2\models\weapons\v_hands.sw.vtx"
"portal2\models\weapons\v_hands.vvd"
"portal2\models\weapons\v_photo.ani"
"portal2\models\weapons\v_photo.dx80.vtx"
"portal2\models\weapons\v_photo.dx90.vtx"
"portal2\models\weapons\v_photo.jpg"
"portal2\models\weapons\v_photo.mdl"
"portal2\models\weapons\v_photo.phy"
"portal2\models\weapons\v_photo.sw.vtx"
"portal2\models\weapons\v_photo.vvd"
"portal2\models\weapons\w_cam.ani"
"portal2\models\weapons\w_cam.dx80.vtx"
"portal2\models\weapons\w_cam.dx90.vtx"
"portal2\models\weapons\w_cam.jpg"
"portal2\models\weapons\w_cam.mdl"
"portal2\models\weapons\w_cam.phy"
"portal2\models\weapons\w_cam.sw.vtx"
"portal2\models\weapons\w_cam.vvd"
"portal2\reslists\puzzle_chickens.snd"
"portal2\reslists_temp\dx90\all.lst"
"portal2\reslists_temp\dx90\puzzle_chickens.lst"
"portal2\reslists_temp\dx95hdr\all.lst"
"portal2\reslists_temp\dx95hdr\puzzle_chickens.lst"
"portal2\reslists_temp\dx95ldr\all.lst"
"portal2\reslists_temp\dx95ldr\puzzle_chickens.lst"
"portal2\scripts\weapon_camera.txt"
"portal2\scripts\weapon_placement.txt"
"portal2\sound\camera\photo_erase1.wav"
"portal2\sound\camera\photo_erase2.wav"
"portal2\sound\camera\photo_erase3.wav"
"portal2\sound\camera\release.wav"
"portal2\sound\camera\snapshot.wav"
"portal2\sound\npc\chicken\clucks1.wav"
"portal2\sound\npc\chicken\clucks2.wav"
"portal2\sound\npc\chicken\clucks3.wav"
"portal2\sound\npc\chicken\clucks4.wav"
"portal2\sound\npc\chicken\clucks5.wav"
"portal2\sound\npc\chicken\squawk1.wav"
"portal2\sound\npc\chicken\startle1.wav"
"portal2\sound\npc\obot\generalpainsounds07.wav"
"portal2\sound\npc\obot\generalpainsounds08.wav"
"portal2\sound\npc\obot\generalpainsounds09.wav"
"portal2\sound\npc\obot\generalpainsounds10.wav"
"portal2\sound\npc\obot\generalpainsounds11.wav"
"portal2\sound\npc\obot\generalpainsounds18.wav"
"portal2\sound\npc\obot\generalpainsounds27.wav"
"portal2\sound\npc\zombie\squish1.wav"
"portal2\sound\npc\zombie\squish2.wav"
"portal2\sound\npc\zombie\squish3.wav"
"portal2\sound\props\mousetrap_snap.wav"